
SQL*Plus: Release 12.1.0.2.0 Production on Sat Oct 12 08:07:25 2019

Copyright (c) 1982, 2014, Oracle.  All rights reserved.

SQL> Connected.
SQL>   2  
Session altered.

SQL>   2  
Session altered.

SQL> 
ALTER SYSTEM KILL SESSION '200,24268' immediate -- process 71362
/

SQL>   2  
Session altered.

SQL>   2  
Session altered.

SQL> SQL> 
SQL>   2  
Session altered.

SQL> SQL> SQL> SQL> SQL> SQL> SQL> SQL> SQL> SQL> SQL> SQL> SQL> SQL> SQL> SQL> SQL> SQL> SQL> SQL>   2  
Session altered.

SQL> 
NOW_CONNECTED_TO
--------------------------------------------------------------------------------
==== Current Container = DB1012_PDB1 Id = 3 ====

SQL> 
NOW_CONNECTED_TO
--------------------------------------------------------------------------------
==== Current Container = DB1012_PDB1 Id = 3 ====

SQL>   2  
CATCONSECTION
-----------------------------------
==== CATCON EXEC IN CONTAINERS ====

SQL> 
BEGIN_RUNNING
--------------------------------------------------------------------------------
==== @/u01/app/oracle/product/12.1.0.2/dbhome_1/rdbms/admin/utlrp.sql Container:
DB1012_PDB1 Id:3 19-10-12 08:08:09 Proc:1 ====


SQL> 
BEGIN_RUNNING
--------------------------------------------------------------------------------
==== @/u01/app/oracle/product/12.1.0.2/dbhome_1/rdbms/admin/utlrp.sql Container:
DB1012_PDB1 Id:3 19-10-12 08:08:09 Proc:1 ====


SQL>   2  
Session altered.

SQL>   2  
Session altered.

SQL> 
TIMESTAMP
--------------------------------------------------------------------------------
COMP_TIMESTAMP UTLRP_BGN  2019-10-12 08:08:09

DOC>   The following PL/SQL block invokes UTL_RECOMP to recompile invalid
DOC>   objects in the database. Recompilation time is proportional to the
DOC>   number of invalid objects in the database, so this command may take
DOC>   a long time to execute on a database with a large number of invalid
DOC>   objects.
DOC>
DOC>   Use the following queries to track recompilation progress:
DOC>
DOC>   1. Query returning the number of invalid objects remaining. This
DOC>	  number should decrease with time.
DOC>	     SELECT COUNT(*) FROM obj$ WHERE status IN (4, 5, 6);
DOC>
DOC>   2. Query returning the number of objects compiled so far. This number
DOC>	  should increase with time.
DOC>	     SELECT COUNT(*) FROM UTL_RECOMP_COMPILED;
DOC>
DOC>   This script automatically chooses serial or parallel recompilation
DOC>   based on the number of CPUs available (parameter cpu_count) multiplied
DOC>   by the number of threads per CPU (parameter parallel_threads_per_cpu).
DOC>   On RAC, this number is added across all RAC nodes.
DOC>
DOC>   UTL_RECOMP uses DBMS_SCHEDULER to create jobs for parallel
DOC>   recompilation. Jobs are created without instance affinity so that they
DOC>   can migrate across RAC nodes. Use the following queries to verify
DOC>   whether UTL_RECOMP jobs are being created and run correctly:
DOC>
DOC>   1. Query showing jobs created by UTL_RECOMP
DOC>	     SELECT job_name FROM dba_scheduler_jobs
DOC>		WHERE job_name like 'UTL_RECOMP_SLAVE_%';
DOC>
DOC>   2. Query showing UTL_RECOMP jobs that are running
DOC>	     SELECT job_name FROM dba_scheduler_running_jobs
DOC>		WHERE job_name like 'UTL_RECOMP_SLAVE_%';
DOC>#

PL/SQL procedure successfully completed.


TIMESTAMP
--------------------------------------------------------------------------------
COMP_TIMESTAMP UTLRP_END  2019-10-12 08:08:15

DOC> The following query reports the number of objects that have compiled
DOC> with errors.
DOC>
DOC> If the number is higher than expected, please examine the error
DOC> messages reported with each object (using SHOW ERRORS) to see if they
DOC> point to system misconfiguration or resource constraints that must be
DOC> fixed before attempting to recompile these objects.
DOC>#

OBJECTS WITH ERRORS
-------------------
		  0

DOC> The following query reports the number of errors caught during
DOC> recompilation. If this number is non-zero, please query the error
DOC> messages in the table UTL_RECOMP_ERRORS to see if any of these errors
DOC> are due to misconfiguration or resource constraints that must be
DOC> fixed before objects can compile successfully.
DOC>#

ERRORS DURING RECOMPILATION
---------------------------
			  0


Function created.


PL/SQL procedure successfully completed.


Function dropped.


PL/SQL procedure successfully completed.

SQL> 
END_RUNNING
--------------------------------------------------------------------------------
==== @/u01/app/oracle/product/12.1.0.2/dbhome_1/rdbms/admin/utlrp.sql Container:
DB1012_PDB1 Id:3 19-10-12 08:08:56 Proc:1 ====


SQL> 
END_RUNNING
--------------------------------------------------------------------------------
==== @/u01/app/oracle/product/12.1.0.2/dbhome_1/rdbms/admin/utlrp.sql Container:
DB1012_PDB1 Id:3 19-10-12 08:08:56 Proc:1 ====


SQL> SQL> 
SQL>   2  
Session altered.

SQL> SQL> 
SQL> ========== PROCESS ENDED ==========
SQL> Disconnected from Oracle Database 12c EE High Perf Release 12.1.0.2.0 - 64bit Production
With the Partitioning, Real Application Clusters, Automatic Storage Management, OLAP,
Advanced Analytics and Real Application Testing options
